# Executing test ErrorHandling1
GO


create procedure ErrorHandling1 as
begin
CREATE SEQUENCE seq_11708
AS [tinyint]
START WITH 1
INCREMENT BY 1
MINVALUE 1
MAXVALUE 256
if @@error > 0 select cast('STATEMENT TERMINATING ERROR' as text);
select @@trancount;
end
GO

if @@error > 0 select cast('Compile time error' as text);
if @@trancount > 0 rollback transaction;
drop procedure ErrorHandling1;
set xact_abort OFF;
set implicit_transactions OFF;
GO
GO


GO
begin transaction
GO
# Executing test ErrorHandling1

create procedure ErrorHandling1 as
begin
CREATE SEQUENCE seq_11708
AS [tinyint]
START WITH 1
INCREMENT BY 1
MINVALUE 1
MAXVALUE 256
if @@error > 0 select cast('STATEMENT TERMINATING ERROR' as text);
end
GO

declare @err int = @@error; if (@err > 0 and @@trancount > 0) select cast('BATCH ONLY TERMINATING' as text) else if @err > 0 select cast('BATCH TERMINATING\ txn rolledback' as text);
if @@trancount > 0 rollback transaction;
drop procedure ErrorHandling1;
set xact_abort OFF;
set implicit_transactions OFF;
GO
~~ERROR (Code: 3701)~~

~~ERROR (Message: Cannot drop the procedure 'ErrorHandling1', because it does not exist or you do not have permission.)~~


GO
GO


-- Checking xact_abort_flag for compile time error --
set xact_abort ON;
GO
GO
begin transaction
GO
# Executing test ErrorHandling1

create procedure ErrorHandling1 as
begin
CREATE SEQUENCE seq_11708
AS [tinyint]
START WITH 1
INCREMENT BY 1
MINVALUE 1
MAXVALUE 256
if @@error > 0 select cast('STATEMENT TERMINATING ERROR' as text);
end
GO

declare @err int = @@error; if (@err > 0 and @@trancount > 0) select cast('BATCH ONLY TERMINATING' as text) else if @err > 0 select cast('BATCH TERMINATING\ txn rolledback' as text);
if @@trancount > 0 rollback transaction;
drop procedure ErrorHandling1;
set xact_abort OFF;
set implicit_transactions OFF;
GO
~~ERROR (Code: 3701)~~

~~ERROR (Message: Cannot drop the procedure 'ErrorHandling1', because it does not exist or you do not have permission.)~~


GO
GO
set xact_abort OFF;
GO

# Executing test ErrorHandling10000000
-- Next portion is for runtime error --
GO


create procedure ErrorHandling1 as
begin
CREATE SEQUENCE seq_11708
AS [tinyint]
START WITH 1
INCREMENT BY 1
MINVALUE 1
MAXVALUE 256
if @@error > 0 select cast('STATEMENT TERMINATING ERROR' as text);
select @@trancount;
end
GO

if @@error > 0 select cast('CURRENT BATCH TERMINATING ERROR' as text);
GO

create procedure ErrorHandling2 as
begin
exec ErrorHandling1;
if @@error > 0 select cast('CURRENT BATCH TERMINATING ERROR' as text);
end
GO

begin transaction;
GO
exec ErrorHandling2;
GO
~~ERROR (Code: 11708)~~

~~ERROR (Message: An invalid value was specified for argument 'MAXVALUE' for the given data type.)~~

declare @err int = @@error; if (@err > 0 and @@trancount > 0) select cast('BATCH ONLY TERMINATING' as text) else if @err > 0 select cast('BATCH TERMINATING\ txn rolledback' as text);
if @@trancount > 0 rollback transaction;
drop procedure ErrorHandling1;
drop procedure ErrorHandling2;
set xact_abort OFF;
set implicit_transactions OFF;
GO
~~START~~
text
BATCH TERMINATING\ txn rolledback
~~END~~

GO


set xact_abort ON;
GO
# Executing test ErrorHandling10000000
GO


create procedure ErrorHandling1 as
begin
CREATE SEQUENCE seq_11708
AS [tinyint]
START WITH 1
INCREMENT BY 1
MINVALUE 1
MAXVALUE 256
if @@error > 0 select cast('STATEMENT TERMINATING ERROR' as text);
select @@trancount;
end
GO

if @@error > 0 select cast('CURRENT BATCH TERMINATING ERROR' as text);
GO

create procedure ErrorHandling2 as
begin
exec ErrorHandling1;
if @@error > 0 select cast('CURRENT BATCH TERMINATING ERROR' as text);
end
GO

begin transaction;
GO
exec ErrorHandling2;
GO
~~ERROR (Code: 11708)~~

~~ERROR (Message: An invalid value was specified for argument 'MAXVALUE' for the given data type.)~~

declare @err int = @@error; if (@err > 0 and @@trancount > 0) select cast('BATCH ONLY TERMINATING' as text) else if @err > 0 select cast('BATCH TERMINATING\ txn rolledback' as text);
if @@trancount > 0 rollback transaction;
drop procedure ErrorHandling1;
drop procedure ErrorHandling2;
set xact_abort OFF;
set implicit_transactions OFF;
GO
~~START~~
text
BATCH TERMINATING\ txn rolledback
~~END~~

GO



set xact_abort OFF;
GO

# Executing test ErrorHandling10000000
-- Error classification is done --
GO


begin try
select 1
CREATE SEQUENCE seq_11708
AS [tinyint]
START WITH 1
INCREMENT BY 1
MINVALUE 1
MAXVALUE 256
end try
begin catch
	select xact_state();
end catch
if @@trancount > 0 rollback transaction;
drop procedure ErrorHandling1;
drop procedure ErrorHandling2;
set xact_abort OFF;
set implicit_transactions OFF;
GO
~~START~~
int
1
~~END~~

~~START~~
smallint
0
~~END~~

~~ERROR (Code: 3701)~~

~~ERROR (Message: Cannot drop the procedure 'ErrorHandling1', because it does not exist or you do not have permission.)~~

~~ERROR (Code: 3701)~~

~~ERROR (Message: Cannot drop the procedure 'ErrorHandling2', because it does not exist or you do not have permission.)~~

GO


