# Executing test ErrorHandling1
--Pre
CREATE TABLE t257(c1 binary(10));
GO

create procedure ErrorHandling1 as
begin
DECLARE @a real; SET @a = CAST(GETDATE() AS smalldatetime);
GO
~~ERROR (Code: 33557097)~~

~~ERROR (Message: syntax error near '<EOF>' at line 4 and character position 0)~~


if @@error > 0 select cast('STATEMENT TERMINATING ERROR' as text);
select @@trancount;
end
GO
~~ERROR (Code: 33557097)~~

~~ERROR (Message: syntax error near '<EOF>' at line 4 and character position 0)~~


if @@error > 0 select cast('Compile time error' as text);
if @@trancount > 0 rollback transaction;
drop procedure ErrorHandling1;
set xact_abort OFF;
set implicit_transactions OFF;
GO
~~START~~
text
Compile time error
~~END~~

~~ERROR (Code: 3701)~~

~~ERROR (Message: could not find a procedure named "errorhandling1")~~

DROP TABLE t257;
GO


--Pre
CREATE TABLE t257(c1 binary(10));
GO
begin transaction
GO
# Executing test ErrorHandling1
create procedure ErrorHandling1 as
begin
DECLARE @a real; SET @a = CAST(GETDATE() AS smalldatetime);
GO
~~ERROR (Code: 33557097)~~

~~ERROR (Message: syntax error near '<EOF>' at line 4 and character position 0)~~


if @@error > 0 select cast('STATEMENT TERMINATING ERROR' as text);
end
GO
~~ERROR (Code: 33557097)~~

~~ERROR (Message: syntax error near '<EOF>' at line 3 and character position 0)~~


declare @err int = @@error; if (@err > 0 and @@trancount > 0) select cast('BATCH ONLY TERMINATING' as text) else if @err > 0 select cast('BATCH TERMINATING\ txn rolledback' as text);
if @@trancount > 0 rollback transaction;
drop procedure ErrorHandling1;
set xact_abort OFF;
set implicit_transactions OFF;
GO
~~START~~
text
BATCH TERMINATING\ txn rolledback
~~END~~

~~ERROR (Code: 3701)~~

~~ERROR (Message: could not find a procedure named "errorhandling1")~~


GO
DROP TABLE t257;
GO


-- Checking xact_abort_flag for compile time error --
set xact_abort ON;
GO
--Pre
CREATE TABLE t257(c1 binary(10));
GO
begin transaction
GO
# Executing test ErrorHandling1
create procedure ErrorHandling1 as
begin
DECLARE @a real; SET @a = CAST(GETDATE() AS smalldatetime);
GO
~~ERROR (Code: 33557097)~~

~~ERROR (Message: syntax error near '<EOF>' at line 4 and character position 0)~~


if @@error > 0 select cast('STATEMENT TERMINATING ERROR' as text);
end
GO
~~ERROR (Code: 33557097)~~

~~ERROR (Message: syntax error near '<EOF>' at line 3 and character position 0)~~


declare @err int = @@error; if (@err > 0 and @@trancount > 0) select cast('BATCH ONLY TERMINATING' as text) else if @err > 0 select cast('BATCH TERMINATING\ txn rolledback' as text);
if @@trancount > 0 rollback transaction;
drop procedure ErrorHandling1;
set xact_abort OFF;
set implicit_transactions OFF;
GO
~~START~~
text
BATCH TERMINATING\ txn rolledback
~~END~~

~~ERROR (Code: 3701)~~

~~ERROR (Message: could not find a procedure named "errorhandling1")~~


GO
DROP TABLE t257;
GO
set xact_abort OFF;
GO

# Executing test ErrorHandling10000000
-- Next portion is for runtime error --
--Pre
CREATE TABLE t257(c1 binary(10));
GO

create procedure ErrorHandling1 as
begin
DECLARE @a real; SET @a = CAST(GETDATE() AS smalldatetime);
GO
~~ERROR (Code: 33557097)~~

~~ERROR (Message: syntax error near '<EOF>' at line 4 and character position 0)~~


if @@error > 0 select cast('STATEMENT TERMINATING ERROR' as text);
select @@trancount;
end
GO
~~ERROR (Code: 33557097)~~

~~ERROR (Message: syntax error near '<EOF>' at line 4 and character position 0)~~


if @@error > 0 select cast('CURRENT BATCH TERMINATING ERROR' as text);
GO
~~START~~
text
CURRENT BATCH TERMINATING ERROR
~~END~~


create procedure ErrorHandling2 as
begin
exec ErrorHandling1;
if @@error > 0 select cast('CURRENT BATCH TERMINATING ERROR' as text);
end
GO

begin transaction;
GO
exec ErrorHandling2;
GO
~~ERROR (Code: 33557097)~~

~~ERROR (Message: procedure errorhandling1() does not exist)~~

declare @err int = @@error; if (@err > 0 and @@trancount > 0) select cast('BATCH ONLY TERMINATING' as text) else if @err > 0 select cast('BATCH TERMINATING\ txn rolledback' as text);
if @@trancount > 0 rollback transaction;
drop procedure ErrorHandling1;
drop procedure ErrorHandling2;
set xact_abort OFF;
set implicit_transactions OFF;
GO
~~START~~
text
BATCH TERMINATING\ txn rolledback
~~END~~

~~ERROR (Code: 3701)~~

~~ERROR (Message: could not find a procedure named "errorhandling1")~~

DROP TABLE t257;
GO


set xact_abort ON;
GO
# Executing test ErrorHandling10000000
--Pre
CREATE TABLE t257(c1 binary(10));
GO

create procedure ErrorHandling1 as
begin
DECLARE @a real; SET @a = CAST(GETDATE() AS smalldatetime);
GO
~~ERROR (Code: 33557097)~~

~~ERROR (Message: syntax error near '<EOF>' at line 4 and character position 0)~~


if @@error > 0 select cast('STATEMENT TERMINATING ERROR' as text);
select @@trancount;
end
GO
~~ERROR (Code: 33557097)~~

~~ERROR (Message: syntax error near '<EOF>' at line 4 and character position 0)~~


if @@error > 0 select cast('CURRENT BATCH TERMINATING ERROR' as text);
GO
~~START~~
text
CURRENT BATCH TERMINATING ERROR
~~END~~


create procedure ErrorHandling2 as
begin
exec ErrorHandling1;
if @@error > 0 select cast('CURRENT BATCH TERMINATING ERROR' as text);
end
GO

begin transaction;
GO
exec ErrorHandling2;
GO
~~ERROR (Code: 33557097)~~

~~ERROR (Message: procedure errorhandling1() does not exist)~~

declare @err int = @@error; if (@err > 0 and @@trancount > 0) select cast('BATCH ONLY TERMINATING' as text) else if @err > 0 select cast('BATCH TERMINATING\ txn rolledback' as text);
if @@trancount > 0 rollback transaction;
drop procedure ErrorHandling1;
drop procedure ErrorHandling2;
set xact_abort OFF;
set implicit_transactions OFF;
GO
~~START~~
text
BATCH TERMINATING\ txn rolledback
~~END~~

~~ERROR (Code: 3701)~~

~~ERROR (Message: could not find a procedure named "errorhandling1")~~

DROP TABLE t257;
GO



set xact_abort OFF;
GO

# Executing test ErrorHandling10000000
-- Error classification is done --
--Pre
CREATE TABLE t257(c1 binary(10));
GO

begin try
select 1
DECLARE @a real; SET @a = CAST(GETDATE() AS smalldatetime);
GO
~~ERROR (Code: 33557097)~~

~~ERROR (Message: syntax error near '<EOF>' at line 4 and character position 0)~~


end try
begin catch
	select xact_state();
end catch
if @@trancount > 0 rollback transaction;
drop procedure ErrorHandling1;
drop procedure ErrorHandling2;
set xact_abort OFF;
set implicit_transactions OFF;
GO
~~ERROR (Code: 33557097)~~

~~ERROR (Message: syntax error near 'try' at line 1 and character position 4)~~

DROP TABLE t257;
GO


