CREATE TABLE babel_672_table ( a int, constraint ab primary key nonclustered (a) WITH (PAD_INDEX = OFF, STATISTICS_NORECOMPUTE = OFF, IGNORE_DUP_KEY = OFF, ALLOW_ROW_LOCKS = ON, ALLOW_PAGE_LOCKS = ON) ON [PRIMARY]) ON [PRIMARY]
go

DROP TABLE babel_672_table
go
