-- BABEL-1661
-- Test CONVERT to VARCHAR applies typmod
SELECT CONVERT(VARCHAR(10), SERVERPROPERTY('productversion'));
GO
~~START~~
varchar
12.0.2000.
~~END~~


SELECT DATALENGTH(CONVERT(VARCHAR(10), SERVERPROPERTY('productversion')));
GO
~~START~~
int
10
~~END~~


SELECT CONVERT(VARCHAR(2), SERVERPROPERTY('productversion'));
GO
~~START~~
varchar
12
~~END~~


SELECT DATALENGTH(CONVERT(VARCHAR(2), SERVERPROPERTY('productversion')));
GO
~~START~~
int
2
~~END~~

