create table testing_collation (col varchar(20));
go
insert into testing_collation values ('JONES');
insert into testing_collation values ('jones');
insert into testing_collation values ('Jones');
insert into testing_collation values ('JoNes');
insert into testing_collation values ('JoNés');
go
~~ROW COUNT: 1~~

~~ROW COUNT: 1~~

~~ROW COUNT: 1~~

~~ROW COUNT: 1~~

~~ROW COUNT: 1~~

select * from testing_collation where col collate SQL_Latin1_General_CP1_CS_AS = 'JoNes';
go
~~START~~
varchar
JoNes
~~END~~


select * from testing_collation where col collate SQL_Latin1_General_CP1_CI_AS = 'JoNes';
go
~~START~~
varchar
JONES
jones
Jones
JoNes
~~END~~


select * from testing_collation where col collate SQL_Latin1_General_CP1_CI_AI = 'JoNes';
go
~~START~~
varchar
JONES
jones
Jones
JoNes
JoNés
~~END~~


-- all the currently supported TSQL collations
SELECT * from fn_helpcollations();
go
~~START~~
varchar#!#varchar
arabic_cs_as#!#Arabic, case-sensitive, accent-sensitive, kanatype-insensitive, width-insensitive
arabic_ci_ai#!#Arabic, case-insensitive, accent-insensitive, kanatype-insensitive, width-insensitive
arabic_ci_as#!#Arabic, case-insensitive, accent-sensitive, kanatype-insensitive, width-insensitive
bbf_unicode_bin2#!#Unicode-General, case-sensitive, accent-sensitive, kanatype-insensitive, width-insensitive
bbf_unicode_cp1250_ci_ai#!#Default locale, code page 1250, case-insensitive, accent-insensitive, kanatype-insensitive, width-insensitive
bbf_unicode_cp1250_ci_as#!#Default locale, code page 1250, case-insensitive, accent-sensitive, kanatype-insensitive, width-insensitive
bbf_unicode_cp1250_cs_ai#!#Default locale, code page 1250, case-sensitive, accent-insensitive, kanatype-insensitive, width-insensitive
bbf_unicode_cp1250_cs_as#!#Default locale, code page 1250, case-sensitive, accent-sensitive, kanatype-insensitive, width-insensitive
bbf_unicode_pref_cp1250_cs_as#!#Default locale, code page 1250, case-sensitive, accent-sensitive, kanatype-insensitive, width-insensitive, uppercase-first
bbf_unicode_cp1251_ci_ai#!#Default locale, code page 1251, case-insensitive, accent-insensitive, kanatype-insensitive, width-insensitive
bbf_unicode_cp1251_ci_as#!#Default locale, code page 1251, case-insensitive, accent-sensitive, kanatype-insensitive, width-insensitive
bbf_unicode_cp1251_cs_ai#!#Default locale, code page 1251, case-sensitive, accent-insensitive, kanatype-insensitive, width-insensitive
bbf_unicode_cp1251_cs_as#!#Default locale, code page 1251, case-sensitive, accent-sensitive, kanatype-insensitive, width-insensitive
bbf_unicode_pref_cp1251_cs_as#!#Default locale, code page 1251, case-sensitive, accent-sensitive, kanatype-insensitive, width-insensitive, uppercase-first
bbf_unicode_cp1253_ci_ai#!#Default locale, code page 1253, case-insensitive, accent-insensitive, kanatype-insensitive, width-insensitive
bbf_unicode_cp1253_ci_as#!#Default locale, code page 1253, case-insensitive, accent-sensitive, kanatype-insensitive, width-insensitive
bbf_unicode_cp1253_cs_ai#!#Default locale, code page 1253, case-sensitive, accent-insensitive, kanatype-insensitive, width-insensitive
bbf_unicode_cp1253_cs_as#!#Default locale, code page 1253, case-sensitive, accent-sensitive, kanatype-insensitive, width-insensitive
bbf_unicode_pref_cp1253_cs_as#!#Default locale, code page 1253, case-sensitive, accent-sensitive, kanatype-insensitive, width-insensitive, uppercase-first
bbf_unicode_cp1254_ci_ai#!#Default locale, code page 1254, case-insensitive, accent-insensitive, kanatype-insensitive, width-insensitive
bbf_unicode_cp1254_ci_as#!#Default locale, code page 1254, case-insensitive, accent-sensitive, kanatype-insensitive, width-insensitive
bbf_unicode_cp1254_cs_ai#!#Default locale, code page 1254, case-sensitive, accent-insensitive, kanatype-insensitive, width-insensitive
bbf_unicode_cp1254_cs_as#!#Default locale, code page 1254, case-sensitive, accent-sensitive, kanatype-insensitive, width-insensitive
bbf_unicode_pref_cp1254_cs_as#!#Default locale, code page 1254, case-sensitive, accent-sensitive, kanatype-insensitive, width-insensitive, uppercase-first
bbf_unicode_cp1255_ci_ai#!#Default locale, code page 1255, case-insensitive, accent-insensitive, kanatype-insensitive, width-insensitive
bbf_unicode_cp1255_ci_as#!#Default locale, code page 1255, case-insensitive, accent-sensitive, kanatype-insensitive, width-insensitive
bbf_unicode_cp1255_cs_ai#!#Default locale, code page 1255, case-sensitive, accent-insensitive, kanatype-insensitive, width-insensitive
bbf_unicode_cp1255_cs_as#!#Default locale, code page 1255, case-sensitive, accent-sensitive, kanatype-insensitive, width-insensitive
bbf_unicode_pref_cp1255_cs_as#!#Default locale, code page 1255, case-sensitive, accent-sensitive, kanatype-insensitive, width-insensitive, uppercase-first
bbf_unicode_cp1256_ci_ai#!#Default locale, code page 1256, case-insensitive, accent-insensitive, kanatype-insensitive, width-insensitive
bbf_unicode_cp1256_ci_as#!#Default locale, code page 1256, case-insensitive, accent-sensitive, kanatype-insensitive, width-insensitive
bbf_unicode_cp1256_cs_ai#!#Default locale, code page 1256, case-sensitive, accent-insensitive, kanatype-insensitive, width-insensitive
bbf_unicode_cp1256_cs_as#!#Default locale, code page 1256, case-sensitive, accent-sensitive, kanatype-insensitive, width-insensitive
bbf_unicode_pref_cp1256_cs_as#!#Default locale, code page 1256, case-sensitive, accent-sensitive, kanatype-insensitive, width-insensitive, uppercase-first
bbf_unicode_cp1257_ci_ai#!#Default locale, code page 1257, case-insensitive, accent-insensitive, kanatype-insensitive, width-insensitive
bbf_unicode_cp1257_ci_as#!#Default locale, code page 1257, case-insensitive, accent-sensitive, kanatype-insensitive, width-insensitive
bbf_unicode_cp1257_cs_ai#!#Default locale, code page 1257, case-sensitive, accent-insensitive, kanatype-insensitive, width-insensitive
bbf_unicode_cp1257_cs_as#!#Default locale, code page 1257, case-sensitive, accent-sensitive, kanatype-insensitive, width-insensitive
bbf_unicode_pref_cp1257_cs_as#!#Default locale, code page 1257, case-sensitive, accent-sensitive, kanatype-insensitive, width-insensitive, uppercase-first
bbf_unicode_cp1258_ci_ai#!#Default locale, code page 1258, case-insensitive, accent-insensitive, kanatype-insensitive, width-insensitive
bbf_unicode_cp1258_ci_as#!#Default locale, code page 1258, case-insensitive, accent-sensitive, kanatype-insensitive, width-insensitive
bbf_unicode_cp1258_cs_ai#!#Default locale, code page 1258, case-sensitive, accent-insensitive, kanatype-insensitive, width-insensitive
bbf_unicode_cp1258_cs_as#!#Default locale, code page 1258, case-sensitive, accent-sensitive, kanatype-insensitive, width-insensitive
bbf_unicode_pref_cp1258_cs_as#!#Default locale, code page 1258, case-sensitive, accent-sensitive, kanatype-insensitive, width-insensitive, uppercase-first
bbf_unicode_cp1_ci_ai#!#Default locale, code page 1252, case-insensitive, accent-insensitive, kanatype-insensitive, width-insensitive
bbf_unicode_cp1_ci_as#!#Default locale, code page 1252, case-insensitive, accent-sensitive, kanatype-insensitive, width-insensitive
bbf_unicode_cp1_cs_ai#!#Default locale, code page 1252, case-sensitive, accent-insensitive, kanatype-insensitive, width-insensitive
bbf_unicode_cp1_cs_as#!#Default locale, code page 1252, case-sensitive, accent-sensitive, kanatype-insensitive, width-insensitive
bbf_unicode_pref_cp1_cs_as#!#Default locale, code page 1252, case-sensitive, accent-sensitive, kanatype-insensitive, width-insensitive, uppercase-first
bbf_unicode_cp847_ci_ai#!#Default locale, code page 847, case-insensitive, accent-insensitive, kanatype-insensitive, width-insensitive
bbf_unicode_cp847_ci_as#!#Default locale, code page 847, case-insensitive, accent-sensitive, kanatype-insensitive, width-insensitive
bbf_unicode_cp847_cs_ai#!#Default locale, code page 847, case-sensitive, accent-insensitive, kanatype-insensitive, width-insensitive
bbf_unicode_cp847_cs_as#!#Default locale, code page 847, case-sensitive, accent-sensitive, kanatype-insensitive, width-insensitive
bbf_unicode_pref_cp847_cs_as#!#Default locale, code page 847, case-sensitive, accent-sensitive, kanatype-insensitive, width-insensitive, uppercase-first
bbf_unicode_general_ci_ai#!#Default locale, default code page, case-insensitive, accent-insensitive, kanatype-insensitive, width-insensitive
bbf_unicode_general_ci_as#!#Default locale, default code page, case-insensitive, accent-sensitive, kanatype-insensitive, width-insensitive
bbf_unicode_general_cs_ai#!#Default locale, default code page, case-sensitive, accent-insensitive, kanatype-insensitive, width-insensitive
bbf_unicode_general_cs_as#!#Default locale, default code page, case-sensitive, accent-sensitive, kanatype-insensitive, width-insensitive
bbf_unicode_general_pref_cs_as#!#Default locale, default code page, case-sensitive, accent-sensitive, kanatype-insensitive, width-insensitive, uppercase-first
chinese_prc_cs_as#!#Chinese-PRC, case-sensitive, accent-sensitive, kanatype-insensitive, width-insensitive
chinese_prc_ci_ai#!#Chinese-PRC, case-insensitive, accent-insensitive, kanatype-insensitive, width-insensitive
chinese_prc_ci_as#!#Chinese-PRC, case-insensitive, accent-sensitive, kanatype-insensitive, width-insensitive
cyrillic_general_cs_as#!#Cyrillic-General, case-sensitive, accent-sensitive, kanatype-insensitive, width-insensitive
cyrillic_general_ci_ai#!#Cyrillic-General, case-insensitive, accent-insensitive, kanatype-insensitive, width-insensitive
cyrillic_general_ci_as#!#Cyrillic-General, case-insensitive, accent-sensitive, kanatype-insensitive, width-insensitive
finnish_swedish_cs_as#!#Finnish-Swedish, case-sensitive, accent-sensitive, kanatype-insensitive, width-insensitive
finnish_swedish_ci_as#!#Finnish-Swedish, case-insensitive, accent-sensitive, kanatype-insensitive, width-insensitive
finnish_swedish_ci_ai#!#Finnish-Swedish, case-insensitive, accent-insensitive, kanatype-insensitive, width-insensitive
french_cs_as#!#French, case-sensitive, accent-sensitive, kanatype-insensitive, width-insensitive
french_ci_as#!#French, case-insensitive, accent-sensitive, kanatype-insensitive, width-insensitive
french_ci_ai#!#French, case-insensitive, accent-insensitive, kanatype-insensitive, width-insensitive
korean_wansung_cs_as#!#Korean-Wansung, case-sensitive, accent-sensitive, kanatype-insensitive, width-insensitive
korean_wansung_ci_as#!#Korean-Wansung, case-insensitive, accent-sensitive, kanatype-insensitive, width-insensitive
korean_wansung_ci_ai#!#Korean-Wansung, case-insensitive, accent-insensitive, kanatype-insensitive, width-insensitive
latin1_general_bin2#!#Virtual, Unicode-General, case-sensitive, accent-sensitive, kanatype-insensitive, width-insensitive
latin1_general_90_bin2#!#Virtual, Unicode-General, case-sensitive, accent-sensitive, kanatype-insensitive, width-insensitive
latin1_general_100_bin2#!#Virtual, Unicode-General, case-sensitive, accent-sensitive, kanatype-insensitive, width-insensitive
latin1_general_140_bin2#!#Virtual, Unicode-General, case-sensitive, accent-sensitive, kanatype-insensitive, width-insensitive
latin1_general_ci_ai#!#Virtual, default locale, code page 1252, case-insensitive, accent-insensitive, kanatype-insensitive, width-insensitive
latin1_general_ci_as#!#Virtual, default locale, code page 1252, case-insensitive, accent-sensitive, kanatype-insensitive, width-insensitive
latin1_general_cs_ai#!#Virtual, default locale, code page 1252, case-sensitive, accent-insensitive, kanatype-insensitive, width-insensitive
latin1_general_cs_as#!#Virtual, default locale, code page 1252, case-sensitive, accent-sensitive, kanatype-insensitive, width-insensitive
modern_spanish_cs_as#!#Traditional-Spanish, case-sensitive, accent-sensitive, kanatype-insensitive, width-insensitive
modern_spanish_ci_as#!#Traditional-Spanish, case-insensitive, accent-sensitive, kanatype-insensitive, width-insensitive
modern_spanish_ci_ai#!#Traditional-Spanish, case-insensitive, accent-insensitive, kanatype-insensitive, width-insensitive
polish_cs_as#!#Polish, case-sensitive, accent-sensitive, kanatype-insensitive, width-insensitive
polish_ci_as#!#Polish, case-insensitive, accent-sensitive, kanatype-insensitive, width-insensitive
polish_ci_ai#!#Polish, case-insensitive, accent-insensitive, kanatype-insensitive, width-insensitive
sql_latin1_general_cp1250_ci_as#!#Virtual, default locale, code page 1250, case-insensitive, accent-sensitive, kanatype-insensitive, width-insensitive
sql_latin1_general_cp1250_cs_as#!#Virtual, default locale, code page 1250, case-sensitive, accent-sensitive, kanatype-insensitive, width-insensitive
sql_latin1_general_cp1251_ci_as#!#Virtual, default locale, code page 1251, case-insensitive, accent-sensitive, kanatype-insensitive, width-insensitive
sql_latin1_general_cp1251_cs_as#!#Virtual, default locale, code page 1251, case-sensitive, accent-sensitive, kanatype-insensitive, width-insensitive
sql_latin1_general_cp1_ci_ai#!#Virtual, default locale, code page 1252, case-insensitive, accent-insensitive, kanatype-insensitive, width-insensitive
sql_latin1_general_cp1_ci_as#!#Virtual, default locale, code page 1252, case-insensitive, accent-sensitive, kanatype-insensitive, width-insensitive
sql_latin1_general_cp1_ci_ai#!#Virtual, default locale, code page 1252, case-insensitive, accent-insensitive, kanatype-insensitive, width-insensitive
sql_latin1_general_cp1_cs_as#!#Virtual, default locale, code page 1252, case-sensitive, accent-sensitive, kanatype-insensitive, width-insensitive
sql_latin1_general_pref_cp1_cs_as#!#Virtual, default locale, code page 1252, case-sensitive, accent-sensitive, kanatype-insensitive, width-insensitive, uppercase-first
sql_latin1_general_cp1253_ci_as#!#Virtual, default locale, code page 1253, case-insensitive, accent-sensitive, kanatype-insensitive, width-insensitive
sql_latin1_general_cp1253_cs_as#!#Virtual, default locale, code page 1253, case-sensitive, accent-sensitive, kanatype-insensitive, width-insensitive
sql_latin1_general_cp1254_ci_as#!#Virtual, default locale, code page 1254, case-insensitive, accent-sensitive, kanatype-insensitive, width-insensitive
sql_latin1_general_cp1254_cs_as#!#Virtual, default locale, code page 1255, case-sensitive, accent-sensitive, kanatype-insensitive, width-insensitive
sql_latin1_general_cp1255_ci_as#!#Virtual, default locale, code page 1255, case-insensitive, accent-sensitive, kanatype-insensitive, width-insensitive
sql_latin1_general_cp1255_cs_as#!#Virtual, default locale, code page 1255, case-sensitive, accent-sensitive, kanatype-insensitive, width-insensitive
sql_latin1_general_cp1256_ci_as#!#Virtual, default locale, code page 1256, case-insensitive, accent-sensitive, kanatype-insensitive, width-insensitive
sql_latin1_general_cp1256_cs_as#!#Virtual, default locale, code page 1256, case-sensitive, accent-sensitive, kanatype-insensitive, width-insensitive
sql_latin1_general_cp1257_ci_as#!#Virtual, default locale, code page 1257, case-insensitive, accent-sensitive, kanatype-insensitive, width-insensitive
sql_latin1_general_cp1257_cs_as#!#Virtual, default locale, code page 1257, case-sensitive, accent-sensitive, kanatype-insensitive, width-insensitive
sql_latin1_general_cp1258_ci_as#!#Virtual, default locale, code page 1258, case-insensitive, accent-sensitive, kanatype-insensitive, width-insensitive
sql_latin1_general_cp1258_cs_as#!#Virtual, default locale, code page 1258, case-sensitive, accent-sensitive, kanatype-insensitive, width-insensitive
thai_cs_as#!#Thai, case-sensitive, accent-sensitive, kanatype-insensitive, width-insensitive
thai_ci_as#!#Thai, case-insensitive, accent-sensitive, kanatype-insensitive, width-insensitive
thai_ci_ai#!#Thai, case-insensitive, accent-insensitive, kanatype-insensitive, width-insensitive
traditional_spanish_cs_as#!#Traditional-Spanish, case-sensitive, accent-sensitive, kanatype-insensitive, width-insensitive
traditional_spanish_ci_as#!#Traditional-Spanish, case-insensitive, accent-sensitive, kanatype-insensitive, width-insensitive
traditional_spanish_ci_ai#!#Traditional-Spanish, case-insensitive, accent-insensitive, kanatype-insensitive, width-insensitive
turkish_cs_as#!#Turkish, case-sensitive, accent-sensitive, kanatype-insensitive, width-insensitive
turkish_ci_as#!#Turkish, case-insensitive, accent-sensitive, kanatype-insensitive, width-insensitive
turkish_ci_ai#!#Turkish, case-insensitive, accent-insensitive, kanatype-insensitive, width-insensitive
ukrainian_cs_as#!#Ukrainian, case-sensitive, accent-sensitive, kanatype-insensitive, width-insensitive
ukrainian_ci_as#!#Ukrainian, case-insensitive, accent-sensitive, kanatype-insensitive, width-insensitive
ukrainian_ci_ai#!#Ukrainian, case-insensitive, accent-insensitive, kanatype-insensitive, width-insensitive
vietnamese_cs_as#!#Vietnamese, case-sensitive, accent-sensitive, kanatype-insensitive, width-insensitive
vietnamese_ci_as#!#Vietnamese, case-insensitive, accent-sensitive, kanatype-insensitive, width-insensitive
vietnamese_ci_ai#!#Vietnamese, case-insensitive, accent-insensitive, kanatype-insensitive, width-insensitive
~~END~~


-- BABEL-1697 Collation and Codepage information for DMS
SELECT CAST( COLLATIONPROPERTY(Name, 'CodePage') AS INT) FROM fn_helpcollations() where Name = DATABASEPROPERTYEX('template1', 'Collation');
go
~~START~~
int
1252
~~END~~


SELECT CAST( COLLATIONPROPERTY(Name, 'lcid') AS INT) FROM fn_helpcollations() where Name = DATABASEPROPERTYEX('template1', 'Collation');
go
~~START~~
int
1033
~~END~~


-- clean up
drop table testing_collation;
go
