CREATE TABLE t1(a int)
GO

SET FMTONLY ON SELECT * FROM t1 SET FMTONLY OFF
GO
~~START~~
int
~~END~~


DROP TABLE t1
GO

