create procedure empty_proc as ;
go

drop procedure empty_proc;
go
