-- psql
CREATE USER normal_user WITH PASSWORD 'normal_password';
GO
CREATE USER createdb_user WITH CREATEDB PASSWORD 'createdb_password';
GO
GRANT sysadmin TO createdb_user;
GO
-- tsql      user=normal_user        password=normal_password
CREATE DATABASE normal_db
GO
~~ERROR (Code: 33557097)~~

~~ERROR (Message: permission denied to create database)~~

DROP DATABASE normal_db
GO
~~ERROR (Code: 3701)~~

~~ERROR (Message: database "normal_db" does not exist)~~

-- tsql      user=createdb_user        password=createdb_password
CREATE DATABASE createdb_db
GO
DROP DATABASE createdb_db
GO
-- psql
DROP OWNED BY createdb_user;
GO
DROP USER normal_user, createdb_user;
GO
